// Jest Snapshot v1, https://goo.gl/fbAQLP

exports[`Footer component matches snapshot 1`] = `
<DocumentFragment>
  <footer
    class="footer"
  >
    <p>
      YouFlix is made just for fun and is open sourced at 
      <a
        href="https://github.com/vmorsell/react-youflix"
        rel="noreferrer"
        target="_blank"
      >
        GitHub
      </a>
      .
    </p>
    <p>
      Â© 1900-2020 foo.
    </p>
  </footer>
</DocumentFragment>
`;
